---
source: crates/rome_js_analyze/tests/spec_tests.rs
expression: propertiesInvalid.js
---
# Input
```js

```


